== Dracula ==
primary=#d6acffff
secondary=#ff92dfff
accent=#a4ffffff
keyword=#ff6e6eff
fg_base=#f8f8f2ff
bg_base=#282a36ff
separator=#474952ff
fg_subtle=#d9d9d6ff
fg_more_subtle=#afb0b0ff
fg_most_subtle=#86878bff
on_primary=#000000ff
bg_most_visible=#5a5b63ff
bg_less_visible=#494b54ff
bg_least_visible=#383a45ff
destructive=#ff5555ff
error=#ff5555ff
warning=#f1fa8cff
warning_subtle=#a1a76aff
attention=#ffffa5ff
busy=#69ff94ff
info=#bd93f9ff
info_more_subtle=#725e98ff
info_most_subtle=#554970ff
success=#50fa7bff
success_more_subtle=#40a75fff
success_most_subtle=#387d51ff
ansi_black=#21222cff
ansi_red=#ff5555ff
ansi_green=#50fa7bff
ansi_yellow=#f1fa8cff
ansi_blue=#bd93f9ff
ansi_magenta=#ff79c6ff
ansi_cyan=#8be9fdff
ansi_white=#f8f8f2ff
ansi_bright_black=#6272a4ff
ansi_bright_red=#ff6e6eff
ansi_bright_green=#69ff94ff
ansi_bright_yellow=#ffffa5ff
ansi_bright_blue=#d6acffff
ansi_bright_magenta=#ff92dfff
ansi_bright_cyan=#a4ffffff
ansi_bright_white=#ffffffff
== Nord ==
primary=#81a1c1ff
secondary=#b48eadff
accent=#8fbcbbff
keyword=#bf616aff
fg_base=#d8dee9ff
bg_base=#2e3440ff
separator=#474d59ff
fg_subtle=#bfc5d0ff
fg_more_subtle=#9da3aeff
fg_most_subtle=#7a818cff
on_primary=#000000ff
bg_most_visible=#575d68ff
bg_less_visible=#494f5bff
bg_least_visible=#3b414dff
destructive=#bf616aff
error=#bf616aff
warning=#ebcb8bff
warning_subtle=#a08f6dff
attention=#ebcb8bff
busy=#a3be8cff
info=#81a1c1ff
info_more_subtle=#576a81ff
info_most_subtle=#475567ff
success=#a3be8cff
success_more_subtle=#74876eff
success_most_subtle=#5d6b5eff
ansi_black=#3b4252ff
ansi_red=#bf616aff
ansi_green=#a3be8cff
ansi_yellow=#ebcb8bff
ansi_blue=#81a1c1ff
ansi_magenta=#b48eadff
ansi_cyan=#88c0d0ff
ansi_white=#e5e9f0ff
ansi_bright_black=#596377ff
ansi_bright_red=#bf616aff
ansi_bright_green=#a3be8cff
ansi_bright_yellow=#ebcb8bff
ansi_bright_blue=#81a1c1ff
ansi_bright_magenta=#b48eadff
ansi_bright_cyan=#8fbcbbff
ansi_bright_white=#eceff4ff
== Gruvbox Dark ==
primary=#83a598ff
secondary=#d3869bff
accent=#8ec07cff
keyword=#fb4934ff
fg_base=#ebdbb2ff
bg_base=#282828ff
separator=#45433cff
fg_subtle=#cec09dff
fg_more_subtle=#a79c82ff
fg_most_subtle=#807966ff
on_primary=#000000ff
bg_most_visible=#575349ff
bg_less_visible=#47443eff
bg_least_visible=#373633ff
destructive=#cc241dff
error=#cc241dff
warning=#d79921ff
warning_subtle=#916c23ff
attention=#fabd2fff
busy=#b8bb26ff
info=#458588ff
info_more_subtle=#365658ff
info_most_subtle=#304445ff
success=#98971aff
success_more_subtle=#6b6b1fff
success_most_subtle=#555422ff
ansi_black=#282828ff
ansi_red=#cc241dff
ansi_green=#98971aff
ansi_yellow=#d79921ff
ansi_blue=#458588ff
ansi_magenta=#b16286ff
ansi_cyan=#689d6aff
ansi_white=#a89984ff
ansi_bright_black=#928374ff
ansi_bright_red=#fb4934ff
ansi_bright_green=#b8bb26ff
ansi_bright_yellow=#fabd2fff
ansi_bright_blue=#83a598ff
ansi_bright_magenta=#d3869bff
ansi_bright_cyan=#8ec07cff
ansi_bright_white=#ebdbb2ff
